// Jest Snapshot v1, https://goo.gl/fbAQLP

exports[`Favorites page renders correctly 1`] = `
<RCTSafeAreaView
  emulateUnlessSupported={true}
  style={
    Object {
      "backgroundColor": "#fff",
      "flex": 1,
      "padding": "6%",
      "width": "100%",
    }
  }
>
  <Text
    style={
      Object {
        "color": "#212227",
        "fontSize": 19,
        "fontWeight": "600",
      }
    }
  >
    Cats I Liked
  </Text>
  <View
    style={
      Object {
        "marginTop": 5,
        "paddingBottom": 15,
      }
    }
  >
    <RCTScrollView
      refreshControl={
        <RefreshControlMock
          onRefresh={[Function]}
          refreshing={false}
        />
      }
    >
      <RCTRefreshControl />
      <View>
        <View
          style={
            Object {
              "flexDirection": "row",
              "flexWrap": "wrap",
              "justifyContent": "space-between",
              "width": "100%",
            }
          }
        />
      </View>
    </RCTScrollView>
  </View>
</RCTSafeAreaView>
`;
